  0::[GPO-0]<LED_SYS>: 1
  20::[GPO-1]<LED_RUN>: 1
  40::[GPO-2]<RELAY_1>: 1
  60::[GPO-3]<RELAY_2>: 1
  80::[GPO-4]<BUZZER>: 1
 100::[GPO-5]<FAN_PWM>: 1
 120::[GPO-6]<VALVE_A>: 1
 140::[GPO-7]<VALVE_B>: 1
 160::[GPO-8]<HEATER>: 1
 180::[GPO-9]<MOTOR_EN>: 1
 200::[GPO-10]<SPI_CS>: 1
 220::[GPO-11]<I2C_RST>: 1
 240::[GPO-12]<UART_TX>: 1
 260::[GPO-13]<DEBUG_LED>: 1
 280::[GPO-14]<GPIO_OUT14>: 1
 300::[GPO-15]<GPIO_OUT15>: 1
 320::[GPI-0]<BTN_START>: 1
 340::[GPI-1]<BTN_STOP>: 1
 360::[GPI-2]<BTN_RESET>: 1
 380::[GPI-3]<SENSOR_DOOR>: 1
 400::[GPI-4]<SENSOR_TEMP>: 1
 420::[GPI-5]<SENSOR_PRESS>: 1
 440::[GPI-6]<LIMIT_TOP>: 1
 460::[GPI-7]<LIMIT_BOT>: 1
 480::[GPI-8]<ERROR_TRIG>: 1
 500::[GPI-9]<ACK_SIGNAL>: 1
 520::[GPI-10]<MODE_SEL>: 1
 540::[GPI-11]<READY_PIN>: 1
 560::[GPI-12]<BUSY_PIN>: 1
 580::[GPI-13]<GPIO_IN13>: 1
 600::[GPI-14]<GPIO_IN14>: 1
 620::[GPI-15]<GPIO_IN15>: 1
 800::[GPO-0]<LED_SYS>: 0
 820::[GPO-1]<LED_RUN>: 0
 840::[GPO-2]<RELAY_1>: 0
 860::[GPO-3]<RELAY_2>: 0
 880::[GPO-4]<BUZZER>: 0
 900::[GPO-5]<FAN_PWM>: 0
 920::[GPO-6]<VALVE_A>: 0
 940::[GPO-7]<VALVE_B>: 0
 960::[GPO-8]<HEATER>: 0
 980::[GPO-9]<MOTOR_EN>: 0
1000::[GPO-10]<SPI_CS>: 0
1020::[GPO-11]<I2C_RST>: 0
1040::[GPO-12]<UART_TX>: 0
1060::[GPO-13]<DEBUG_LED>: 0
1080::[GPO-14]<GPIO_OUT14>: 0
1100::[GPO-15]<GPIO_OUT15>: 0
1120::[GPI-0]<BTN_START>: 0
1140::[GPI-1]<BTN_STOP>: 0
1160::[GPI-2]<BTN_RESET>: 0
1180::[GPI-3]<SENSOR_DOOR>: 0
1200::[GPI-4]<SENSOR_TEMP>: 0
1220::[GPI-5]<SENSOR_PRESS>: 0
1240::[GPI-6]<LIMIT_TOP>: 0
1260::[GPI-7]<LIMIT_BOT>: 0
1280::[GPI-8]<ERROR_TRIG>: 0
1300::[GPI-9]<ACK_SIGNAL>: 0
1320::[GPI-10]<MODE_SEL>: 0
1340::[GPI-11]<READY_PIN>: 0
1360::[GPI-12]<BUSY_PIN>: 0
1380::[GPI-13]<GPIO_IN13>: 0
1400::[GPI-14]<GPIO_IN14>: 0
1420::[GPI-15]<GPIO_IN15>: 0
1600::[GPO-0]<LED_SYS>: 1
1620::[GPO-2]<RELAY_1>: 1
1640::[GPI-0]<BTN_START>: 1
1660::[GPI-8]<ERROR_TRIG>: 1
2000::[GPO-0]<LED_SYS>: 0
2020::[GPO-2]<RELAY_1>: 0
2040::[GPI-0]<BTN_START>: 0
2060::[GPI-8]<ERROR_TRIG>: 0