     100::[I2C-50H]: [R][00] = 68
     201::[I2C-50H]: [R][01] = 00
     201::[I2C-50H]: [W][01] = 15
     201::[I2C-50H]: [R][01] = 15
     301::[I2C-50H]: [R][02] = CE
     301::[I2C-50H]: [R][02] = 0A
     301::[I2C-50H]: [R][02] = 04
     301::[I2C-50H]: [R][02] = EB
     301::[I2C-50H]: [R][02] = 4C
     401::[I2C-50H]: [R][03] = 11
     502::[I2C-50H]: [R][03] = 3E
     502::[I2C-50H]: [R][03] = 38
     502::[I2C-50H]: [R][03] = 3D
     502::[I2C-50H]: [R][03] = 3E
     502::[I2C-50H]: [R][03] = 3F
     602::[I2C-38H]: [R][00] = 33
     702::[I2C-38H]: [R][01] = 02
     702::[I2C-38H]: [W][01] = 15
     702::[I2C-38H]: [R][01] = 15
     803::[I2C-38H]: [R][02] = B4
     803::[I2C-38H]: [R][03] = F8
     803::[I2C-38H]: [R][02] = 65
     803::[I2C-38H]: [R][03] = BE
     803::[I2C-38H]: [R][02] = 68
     803::[I2C-38H]: [R][03] = BC
     803::[I2C-38H]: [R][02] = 01
     803::[I2C-38H]: [R][03] = 9E
     803::[I2C-38H]: [R][02] = 2E
     803::[I2C-38H]: [R][03] = 90
