   0::[GPO-0]<LED1>: 1
  50::[GPO-1]<IRLED>: 1
 120::[GPO-0]<LED1>: 0
 180::[GPO-1]<IRLED>: 0
 300::[GPO-0]<LED1>: 1
 350::[GPO-1]<IRLED>: 1
 420::[GPO-0]<LED1>: 0
 480::[GPO-1]<IRLED>: 0
 600::[GPO-0]<LED1>: 1
 750::[GPO-1]<IRLED>: 1
 820::[GPO-0]<LED1>: 0
 900::[GPO-1]<IRLED>: 0
1050::[GPO-0]<LED1>: 1
1120::[GPO-1]<IRLED>: 1
1200::[GPO-0]<LED1>: 0
1300::[GPO-1]<IRLED>: 0
1450::[GPO-0]<LED1>: 1
1500::[GPO-1]<IRLED>: 1
1620::[GPO-0]<LED1>: 0
1700::[GPO-1]<IRLED>: 0
1850::[GPO-0]<LED1>: 1
1920::[GPO-1]<IRLED>: 1
2000::[GPO-0]<LED1>: 0
2100::[GPO-1]<IRLED>: 0
2250::[GPO-0]<LED1>: 1
2350::[GPO-1]<IRLED>: 1
2420::[GPO-0]<LED1>: 0
2500::[GPO-1]<IRLED>: 0
2650::[GPO-0]<LED1>: 1
2720::[GPO-1]<IRLED>: 1
2800::[GPO-0]<LED1>: 0
2900::[GPO-1]<IRLED>: 0
3050::[GPO-0]<LED1>: 1
3150::[GPO-1]<IRLED>: 1
3220::[GPO-0]<LED1>: 0
3300::[GPO-1]<IRLED>: 0
3500::[GPO-0]<LED1>: 1
3600::[GPO-1]<IRLED>: 1
3720::[GPO-0]<LED1>: 0
3800::[GPO-1]<IRLED>: 0
4000::[GPO-0]<LED1>: 1
4150::[GPO-1]<IRLED>: 1
4220::[GPO-0]<LED1>: 0
4300::[GPO-1]<IRLED>: 0