       0::[ADC-0]: 148       (0x94)
      10::[ADC-0]: 78        (0x4E)
      20::[ADC-0]: 115       (0x73)
      31::[ADC-0]: 222       (0xDE)
      41::[ADC-0]: 154       (0x9A)
      51::[ADC-0]: 72        (0x48)
      61::[ADC-0]: 34        (0x22)
      72::[ADC-0]: 195       (0xC3)
      82::[ADC-0]: 48        (0x30)
      92::[ADC-0]: 223       (0xDF)
     103::[ADC-1]: 129       (0x81)
     113::[ADC-1]: 2291      (0x8F3)
     123::[ADC-1]: 2052      (0x804)
     134::[ADC-1]: 519       (0x207)
     144::[ADC-1]: 3124      (0xC34)
     154::[ADC-1]: 920       (0x398)
     164::[ADC-1]: 814       (0x32E)
     175::[ADC-1]: 2854      (0xB26)
     185::[ADC-1]: 1882      (0x75A)
     195::[ADC-1]: 3030      (0xBD6)
     206::[ADC-2]: 10114727  (0x9A56A7)
     216::[ADC-2]: 12065210  (0xB819BA)
     226::[ADC-2]: 15941012  (0xF33D94)
     237::[ADC-2]: 5020781   (0x4C9C6D)
     247::[ADC-2]: 15383159  (0xEABA77)
     257::[ADC-2]: 5934142   (0x5A8C3E)
     268::[ADC-2]: 14690972  (0xE02A9C)
     278::[ADC-2]: 8956420   (0x88AA04)
     288::[ADC-2]: 15465102  (0xEBFA8E)
     299::[ADC-2]: 638240    (0x9BD20)
     309::[ADC-3]: 1042830134(0x3E285336)
     319::[ADC-3]: 451935617 (0x1AEFFD81)
     329::[ADC-3]: 671296605 (0x28032C5D)
     340::[ADC-3]: 574392316 (0x223C87FC)
     350::[ADC-3]: 337914756 (0x14242B84)
     360::[ADC-3]: 383099457 (0x16D5A241)
     371::[ADC-3]: 1447036048(0x56400490)
     381::[ADC-3]: 1287798971(0x4CC240BB)
     391::[ADC-3]: 1019002332(0x3CBCBDDC)
     402::[ADC-3]: 270432308 (0x101E7834)
     412::[ADC-1]: 1111      (0x457)
     412::[ADC-1]: 3294      (0xCDE)
     422::[ADC-1]: 2222      (0x8AE)
     422::[ADC-1]: 2661      (0xA65)
     433::[ADC-1]: 3333      (0xD05)
     433::[ADC-1]: 800       (0x320)
     443::[ADC-1]: 1648      (0x670)
     453::[ADC-1]: 1552      (0x610)
     464::[ADC-1]: 1516      (0x5EC)
     474::[ADC-1]: 1729      (0x6C1)
     484::[ADC-1]: 1684      (0x694)
     495::[ADC-1]: 1550      (0x60E)
     505::[ADC-1]: 1773      (0x6ED)
     515::[ADC-1]: 1669      (0x685)
     526::[ADC-1]: 1500      (0x5DC)
     536::[ADC-1]: 1613      (0x64D)
